1 2 2 4 4 5 5 4 6 0 7 3 11 2 13 7 15 3 17 0
2 22 3 0 6 12 10 0 15 6 21 0
1 2 6 0 8 14 9 23 22 6 23 12 30 0
